// Jest Snapshot v1, https://goo.gl/fbAQLP

exports[`Button Component should render and match its own snapshot 1`] = `
<button
  className="css-g7cb4b"
>
   
  <span
    style={
      Object {
        "padding": "0 15px",
      }
    }
  />
</button>
`;
