// Jest Snapshot v1, https://goo.gl/fbAQLP

exports[`Spinner Component should render and match its own snapshot 1`] = `
<span
  className="css-1kv7myz"
/>
`;
