// Jest Snapshot v1, https://goo.gl/fbAQLP

exports[`ScrollToTop Component should render and match its own snapshot 1`] = `null`;
