// Jest Snapshot v1, https://goo.gl/fbAQLP

exports[`InfiniteScroll Component should render and match its own snapshot 1`] = `<div />`;
